1>Jugador 1: Juan, Uruguay, 20 aÃ±os
Bien.
2>Fin.
