1>#  crea un conjunto con rango 1..10.
2>3>#  inserta 5 elementos pares.
4>5>6>7>8>9>2 4 6 8 10 
10>#  crea un conjunto auxiliar con rango 1..10.
11>12>#  inserta 5 elementos impares.
13>14>15>16>17>18>1 3 5 7 9 
19>#  crea la union entre los conjuntos, la imprime y la libera .
20>1 2 3 4 5 6 7 8 9 10 
21>#  libera los dos conjuntos.
22>23>24># 
.
25># 
.
26># 
.
27>#  crea un conjunto con rango 1..12.
28>29>#  inserta 7 elementos.
30>31>32>33>34>35>36>37>1 2 3 4 5 6 7 
38>#  crea un conjunto auxiliar con rango 1..12.
39>40>#  inserta 7 elementos.
41>42>43>44>45>46>47>48>6 7 8 9 10 11 12 
49>#  crea la union entre los conjuntos, la imprime y la libera (en este caso hay elementos en comun).
50>1 2 3 4 5 6 7 8 9 10 11 12 
51>#  libera los dos conjuntos .
52>53>54>Fin.
