1>#  crea un conjunto con rango 1..10.
2>3>#  imprime el conjunto vacio, esto es, una linea vacia.
4>
5>6>#  imprime un conjunto con 3 como unico elemento.
7>3 
8>9>10>#  imprime conjunto con 3 elementos.
11>3 5 7 
12>13>14>#  imprimir conjunto con casos borde.
15>1 3 5 7 10 
16>#  intenta insertar elementos fuera de rango.
17>18>19>#  imprime el conjunto sin modificaciones.
20>1 3 5 7 10 
21>#  libera el conjunto.
22>23>Fin.
