1>2>La amplitud del árbol es: 4096.
Bien.
3>4>5>La amplitud del árbol es: 8192.
Bien.
6>7>8>La amplitud del árbol es: 8190.
Bien.
9>10>Fin.
