1>2>La cantidad de jugadores en la pila es: 0.
3>4>5>6>7>8>9>La cantidad de jugadores en la pila es: 1.
10>11>12>13>14>15>16>La cantidad de jugadores en la pila es: 2.
17>18>19>20>21>22>23>La cantidad de jugadores en la pila es: 3.
24>Jugador 4:  Jessica, Uruguay, 23 a침os
Jugada: 3 
Movimientos: Abajo Arriba Izquierda Derecha 
25>26>La cantidad de jugadores en la pila es: 2.
27>Jugador 7:  Nicol치s, Uruguay, 20 a침os
Jugada: 2 
Movimientos: Izquierda Izquierda Izquierda Izquierda 
28>29>La cantidad de jugadores en la pila es: 1.
30>Jugador 1:  Juan, Uruguay, 21 a침os
Jugada: 1 
Movimientos: Derecha Izquierda Arriba Abajo 
31>32>33>Fin.
