1>2>La cantidad de jugadores en la pila es: 0.
3>4>Fin.
